stm32l4xx_ll_bus.h:1089:22:LL_APB1_GRP1_EnableClock	24	static
stm32l4xx_ll_rcc.h:2270:22:LL_RCC_LSE_Enable	4	static
stm32l4xx_ll_rcc.h:2362:26:LL_RCC_LSE_IsReady	4	static
stm32l4xx_ll_rcc.h:2489:22:LL_RCC_MSI_Enable	4	static
stm32l4xx_ll_rcc.h:2509:26:LL_RCC_MSI_IsReady	4	static
stm32l4xx_ll_rcc.h:2523:22:LL_RCC_MSI_EnablePLLMode	4	static
stm32l4xx_ll_rcc.h:2548:22:LL_RCC_MSI_EnableRangeSelection	4	static
stm32l4xx_ll_rcc.h:2581:22:LL_RCC_MSI_SetRange	16	static
stm32l4xx_ll_rcc.h:2742:22:LL_RCC_SetSysClkSource	16	static
stm32l4xx_ll_rcc.h:2756:26:LL_RCC_GetSysClkSource	4	static
stm32l4xx_ll_rcc.h:2776:22:LL_RCC_SetAHBPrescaler	16	static
stm32l4xx_ll_rcc.h:2792:22:LL_RCC_SetAPB1Prescaler	16	static
stm32l4xx_ll_rcc.h:2808:22:LL_RCC_SetAPB2Prescaler	16	static
stm32l4xx_ll_rcc.h:3650:22:LL_RCC_SetRTCClockSource	16	static
stm32l4xx_ll_rcc.h:3674:22:LL_RCC_EnableRTC	4	static
stm32l4xx_ll_rcc.h:3704:22:LL_RCC_ForceBackupDomainReset	4	static
stm32l4xx_ll_rcc.h:3714:22:LL_RCC_ReleaseBackupDomainReset	4	static
stm32l4xx_ll_rcc.h:3733:22:LL_RCC_PLL_Enable	4	static
stm32l4xx_ll_rcc.h:3754:26:LL_RCC_PLL_IsReady	4	static
stm32l4xx_ll_rcc.h:3800:22:LL_RCC_PLL_ConfigDomain_SYS	24	static
stm32l4xx_ll_rcc.h:4178:22:LL_RCC_PLL_EnableDomain_SYS	4	static
stm32l4xx_ll_system.h:1400:22:LL_FLASH_SetLatency	16	static
stm32l4xx_ll_utils.h:279:22:LL_InitTick	16	static
stm32l4xx_ll_rtc.h:4839:22:LL_RTC_BAK_SetRegister	32	static
stm32l4xx_ll_rtc.h:4889:26:LL_RTC_BAK_GetRegister	24	static
stm32l4xx_ll_pwr.h:344:22:LL_PWR_SetRegulVoltageScaling	16	static
stm32l4xx_ll_pwr.h:398:22:LL_PWR_EnableBkUpAccess	4	static
stm32l4xx_ll_pwr.h:434:22:LL_PWR_SetPowerMode	16	static
stm32l4xx_ll_cortex.h:272:22:LL_SYSTICK_EnableIT	4	static
stm32l4xx_ll_cortex.h:310:22:LL_LPM_EnableSleep	4	static
stm32l4xx_ll_cortex.h:321:22:LL_LPM_EnableDeepSleep	4	static
main.c:28:6:SysTick_Handler	8	static
main.c:55:5:main	8	static,ignoring_inline_asm
main.c:132:6:SystemClock_Config	8	static
main.c:225:6:VoltageScaling_Config	8	static
main.c:233:6:SleepMode_Config	8	static
main.c:266:6:Calibration_Config	8	static
main.c:270:6:Systick_Config	8	static
