core_cm4.h:1679:22:__NVIC_EnableIRQ	16	static,ignoring_inline_asm
core_cm4.h:1809:22:__NVIC_SetPriority	16	static
stm32l4xx_ll_rtc.h:1118:22:LL_RTC_EnableInitMode	16	static
stm32l4xx_ll_rtc.h:1130:22:LL_RTC_DisableInitMode	16	static
stm32l4xx_ll_rtc.h:1310:22:LL_RTC_SetAsynchPrescaler	16	static
stm32l4xx_ll_rtc.h:1322:22:LL_RTC_SetSynchPrescaler	16	static
stm32l4xx_ll_rtc.h:1355:22:LL_RTC_EnableWriteProtection	16	static
stm32l4xx_ll_rtc.h:1366:22:LL_RTC_DisableWriteProtection	16	static
stm32l4xx_ll_rtc.h:1669:22:LL_RTC_TIME_Config	32	static
stm32l4xx_ll_rtc.h:2000:22:LL_RTC_DATE_Config	32	static
stm32l4xx_ll_rtc.h:3147:22:LL_RTC_WAKEUP_Enable	16	static
stm32l4xx_ll_rtc.h:3159:22:LL_RTC_WAKEUP_Disable	16	static
stm32l4xx_ll_rtc.h:3190:22:LL_RTC_WAKEUP_SetClock	16	static
stm32l4xx_ll_rtc.h:3220:22:LL_RTC_WAKEUP_SetAutoReload	16	static
stm32l4xx_ll_rtc.h:5106:22:LL_RTC_ClearFlag_WUT	16	static
stm32l4xx_ll_rtc.h:5140:26:LL_RTC_IsActiveFlag_INIT	16	static
stm32l4xx_ll_rtc.h:5196:26:LL_RTC_IsActiveFlag_WUTW	16	static
stm32l4xx_ll_rtc.h:5264:22:LL_RTC_EnableIT_WUT	16	static
stm32l4xx_ll_exti.h:306:22:LL_EXTI_EnableIT_0_31	16	static
stm32l4xx_ll_exti.h:739:22:LL_EXTI_EnableRisingTrig_0_31	16	static
stm32l4xx_ll_exti.h:1299:22:LL_EXTI_ClearFlag_0_31	16	static
stm32l4xx_ll_pwr.h:714:22:LL_PWR_EnableInternWU	4	static
wakeup.c:4:6:RTC_Config	16	static
wakeup.c:21:13:RTC_wakeup_init	16	static
wakeup.c:39:6:RTC_wakeup_init_from_standby_or_shutdown	16	static
wakeup.c:50:6:RTC_wakeup_init_from_stop	16	static
wakeup.c:63:6:RTC_WKUP_IRQHandler	8	static
